#-----------------------------------------------------------
# xsim v2024.1 (64-bit)
# SW Build 5076996 on Wed May 22 18:37:14 MDT 2024
# IP Build 5075265 on Wed May 22 21:45:21 MDT 2024
# SharedData Build 5076995 on Wed May 22 18:29:18 MDT 2024
# Start of session at: Wed Mar 18 18:35:22 2026
# Process ID: 25824
# Current directory: D:/_study/projects/vivado_projects/loongarch_cpu/loongarch_cpu.sim/sim_1/behav/xsim
# Command line: xsim.exe -log tb_alu_sim.log -mode tcl -source {xsim.dir/tb_alu_behav/xsim_script.tcl}
# Log file: D:/_study/projects/vivado_projects/loongarch_cpu/loongarch_cpu.sim/sim_1/behav/xsim/tb_alu_sim.log
# Journal file: D:/_study/projects/vivado_projects/loongarch_cpu/loongarch_cpu.sim/sim_1/behav/xsim\xsim.jou
# Running On        :DESKTOP-0H8NVPO
# Platform          :Windows Server 2016 or Windows 10
# Operating System  :26200
# Processor Detail  :AMD Ryzen 7 6800H with Radeon Graphics         
# CPU Frequency     :3194 MHz
# CPU Physical cores:8
# CPU Logical cores :16
# Host memory       :16340 MB
# Swap memory       :6174 MB
# Total Virtual     :22514 MB
# Available Virtual :9158 MB
#-----------------------------------------------------------
source xsim.dir/tb_alu_behav/xsim_script.tcl
run -all
